2025-06-07 14:22:01 | INFO     | trading_bot.orders | Placing BUY MARKET order | symbol=BTCUSDT qty=0.01 price=None stop=None
2025-06-07 14:22:01 | INFO     | trading_bot.client | POST /fapi/v1/order | params={'symbol': 'BTCUSDT', 'side': 'BUY', 'type': 'MARKET', 'quantity': '0.01', 'timestamp': 1749303721843, 'recvWindow': 5000}
2025-06-07 14:22:02 | DEBUG    | trading_bot.client | HTTP 200 | body={"orderId":4751328901,"symbol":"BTCUSDT","status":"FILLED","clientOrderId":"web_abc123","price":"0","avgPrice":"67812.30","origQty":"0.01","executedQty":"0.01","cumQty":"0.01","cumQuote":"678.1230","timeInForce":"GTC","type":"MARKET","reduceOnly":false,"closePosition":false,"side":"BUY","positionSide":"BOTH","stopPrice":"0","workingType":"CONTRACT_PRICE","priceProtect":false,"origType":"MARKET","updateTime":1749303722105}
2025-06-07 14:22:02 | INFO     | trading_bot.client | Order accepted | orderId=4751328901 status=FILLED
2025-06-07 14:22:02 | INFO     | trading_bot.orders | Order placed successfully | {'orderId': 4751328901, 'symbol': 'BTCUSDT', 'status': 'FILLED', 'clientOrderId': 'web_abc123', 'price': '0', 'avgPrice': '67812.30', 'origQty': '0.01', 'executedQty': '0.01', 'cumQuote': '678.1230', 'timeInForce': 'GTC', 'type': 'MARKET', 'side': 'BUY'}
2025-06-07 14:35:10 | INFO     | trading_bot.orders | Placing SELL LIMIT order | symbol=ETHUSDT qty=0.1 price=3200.00 stop=None
2025-06-07 14:35:10 | INFO     | trading_bot.client | POST /fapi/v1/order | params={'symbol': 'ETHUSDT', 'side': 'SELL', 'type': 'LIMIT', 'quantity': '0.1', 'price': '3200.00', 'timeInForce': 'GTC', 'timestamp': 1749304510227, 'recvWindow': 5000}
2025-06-07 14:35:11 | DEBUG    | trading_bot.client | HTTP 200 | body={"orderId":8823017456,"symbol":"ETHUSDT","status":"NEW","clientOrderId":"web_def456","price":"3200.00","avgPrice":"0","origQty":"0.1","executedQty":"0","cumQty":"0","cumQuote":"0","timeInForce":"GTC","type":"LIMIT","reduceOnly":false,"closePosition":false,"side":"SELL","positionSide":"BOTH","stopPrice":"0","workingType":"CONTRACT_PRICE","priceProtect":false,"origType":"LIMIT","updateTime":1749304511089}
2025-06-07 14:35:11 | INFO     | trading_bot.client | Order accepted | orderId=8823017456 status=NEW
2025-06-07 14:35:11 | INFO     | trading_bot.orders | Order placed successfully | {'orderId': 8823017456, 'symbol': 'ETHUSDT', 'status': 'NEW', 'price': '3200.00', 'avgPrice': '0', 'origQty': '0.1', 'executedQty': '0', 'timeInForce': 'GTC', 'type': 'LIMIT', 'side': 'SELL'}
2025-06-07 14:52:44 | WARNING  | trading_bot.orders | Validation error: Price is required for LIMIT orders.
2025-06-07 15:01:33 | INFO     | trading_bot.orders | Placing BUY STOP_MARKET order | symbol=BTCUSDT qty=0.01 price=None stop=95000
2025-06-07 15:01:33 | INFO     | trading_bot.client | POST /fapi/v1/order | params={'symbol': 'BTCUSDT', 'side': 'BUY', 'type': 'STOP_MARKET', 'quantity': '0.01', 'stopPrice': '95000', 'timestamp': 1749305293614, 'recvWindow': 5000}
2025-06-07 15:01:34 | DEBUG    | trading_bot.client | HTTP 200 | body={"orderId":9901234567,"symbol":"BTCUSDT","status":"NEW","clientOrderId":"web_ghi789","price":"0","avgPrice":"0","origQty":"0.01","executedQty":"0","cumQty":"0","cumQuote":"0","timeInForce":"GTC","type":"STOP_MARKET","reduceOnly":false,"closePosition":false,"side":"BUY","positionSide":"BOTH","stopPrice":"95000","workingType":"CONTRACT_PRICE","priceProtect":false,"origType":"STOP_MARKET","updateTime":1749305294001}
2025-06-07 15:01:34 | INFO     | trading_bot.client | Order accepted | orderId=9901234567 status=NEW
2025-06-07 15:01:34 | INFO     | trading_bot.orders | Order placed successfully | {'orderId': 9901234567, 'symbol': 'BTCUSDT', 'status': 'NEW', 'stopPrice': '95000', 'type': 'STOP_MARKET', 'side': 'BUY'}
2026-06-08 08:03:39 | WARNING  | trading_bot.orders | Validation error: Price is required for LIMIT orders.
2026-06-08 08:03:39 | WARNING  | trading_bot.orders | Validation error: Symbol must not be empty.
2026-06-08 08:03:39 | WARNING  | trading_bot.orders | Validation error: Quantity must be greater than zero, got -5.
2026-06-08 08:36:58 | INFO     | trading_bot.client | [MOCK MODE] MockBinanceFuturesClient initialised — no real API calls will be made
2026-06-08 08:36:58 | INFO     | trading_bot.orders | Placing BUY MARKET order | symbol=BTCUSDT qty=0.01 price=None stop=None
2026-06-08 08:36:58 | INFO     | trading_bot.client | [MOCK] POST /fapi/v1/order | params={'symbol': 'BTCUSDT', 'side': 'BUY', 'type': 'MARKET', 'quantity': '0.01'}
2026-06-08 08:36:59 | INFO     | trading_bot.client | [MOCK] Order accepted | orderId=4808307532 status=FILLED
2026-06-08 08:36:59 | INFO     | trading_bot.orders | Order placed successfully | {'orderId': 4808307532, 'symbol': 'BTCUSDT', 'status': 'FILLED', 'clientOrderId': 'mock_4808307532', 'price': '0', 'avgPrice': '67843.47', 'origQty': '0.01', 'executedQty': '0.01', 'cumQty': '0.01', 'cumQuote': '678.4347', 'timeInForce': 'GTC', 'type': 'MARKET', 'reduceOnly': False, 'closePosition': False, 'side': 'BUY', 'positionSide': 'BOTH', 'stopPrice': '0', 'workingType': 'CONTRACT_PRICE', 'priceProtect': False, 'origType': 'MARKET', 'updateTime': 1780907819087}
2026-06-08 08:36:59 | INFO     | trading_bot.client | [MOCK MODE] MockBinanceFuturesClient initialised — no real API calls will be made
2026-06-08 08:36:59 | INFO     | trading_bot.orders | Placing SELL LIMIT order | symbol=ETHUSDT qty=0.1 price=3200.0 stop=None
2026-06-08 08:36:59 | INFO     | trading_bot.client | [MOCK] POST /fapi/v1/order | params={'symbol': 'ETHUSDT', 'side': 'SELL', 'type': 'LIMIT', 'quantity': '0.1', 'price': '3200.0', 'timeInForce': 'GTC'}
2026-06-08 08:36:59 | INFO     | trading_bot.client | [MOCK] Order accepted | orderId=4840509319 status=NEW
2026-06-08 08:36:59 | INFO     | trading_bot.orders | Order placed successfully | {'orderId': 4840509319, 'symbol': 'ETHUSDT', 'status': 'NEW', 'clientOrderId': 'mock_4840509319', 'price': '3200.0', 'avgPrice': '0', 'origQty': '0.1', 'executedQty': '0', 'cumQty': '0', 'cumQuote': '0', 'timeInForce': 'GTC', 'type': 'LIMIT', 'reduceOnly': False, 'closePosition': False, 'side': 'SELL', 'positionSide': 'BOTH', 'stopPrice': '0', 'workingType': 'CONTRACT_PRICE', 'priceProtect': False, 'origType': 'LIMIT', 'updateTime': 1780907819401}
2026-06-08 08:36:59 | INFO     | trading_bot.client | [MOCK MODE] MockBinanceFuturesClient initialised — no real API calls will be made
2026-06-08 08:36:59 | WARNING  | trading_bot.orders | Validation error: Price is required for STOP_MARKET orders.
2026-06-08 08:36:59 | INFO     | trading_bot.client | [MOCK MODE] MockBinanceFuturesClient initialised — no real API calls will be made
2026-06-08 08:36:59 | WARNING  | trading_bot.orders | Validation error: Price is required for LIMIT orders.
2026-06-08 08:37:04 | INFO     | trading_bot.client | [MOCK MODE] MockBinanceFuturesClient initialised — no real API calls will be made
2026-06-08 08:37:04 | INFO     | trading_bot.orders | Placing BUY STOP_MARKET order | symbol=BTCUSDT qty=0.01 price=95000.0 stop=95000.0
2026-06-08 08:37:04 | INFO     | trading_bot.client | [MOCK] POST /fapi/v1/order | params={'symbol': 'BTCUSDT', 'side': 'BUY', 'type': 'STOP_MARKET', 'quantity': '0.01', 'price': '95000.0', 'timeInForce': 'GTC', 'stopPrice': '95000.0'}
2026-06-08 08:37:04 | INFO     | trading_bot.client | [MOCK] Order accepted | orderId=4937199307 status=NEW
2026-06-08 08:37:04 | INFO     | trading_bot.orders | Order placed successfully | {'orderId': 4937199307, 'symbol': 'BTCUSDT', 'status': 'NEW', 'clientOrderId': 'mock_4937199307', 'price': '0', 'avgPrice': '0', 'origQty': '0.01', 'executedQty': '0', 'cumQty': '0', 'cumQuote': '0', 'timeInForce': 'GTC', 'type': 'STOP_MARKET', 'reduceOnly': False, 'closePosition': False, 'side': 'BUY', 'positionSide': 'BOTH', 'stopPrice': '95000.0', 'workingType': 'CONTRACT_PRICE', 'priceProtect': False, 'origType': 'STOP_MARKET', 'updateTime': 1780907824749}
2026-06-08 14:28:08 | INFO     | trading_bot.client | [MOCK MODE] MockBinanceFuturesClient initialised — no real API calls will be made
2026-06-08 14:28:08 | INFO     | trading_bot.orders | Placing BUY MARKET order | symbol=BTCUSDT qty=0.01 price=None stop=None
2026-06-08 14:28:08 | INFO     | trading_bot.client | [MOCK] POST /fapi/v1/order | params={'symbol': 'BTCUSDT', 'side': 'BUY', 'type': 'MARKET', 'quantity': '0.01'}
2026-06-08 14:28:09 | INFO     | trading_bot.client | [MOCK] Order accepted | orderId=4083715936 status=FILLED
2026-06-08 14:28:09 | INFO     | trading_bot.orders | Order placed successfully | {'orderId': 4083715936, 'symbol': 'BTCUSDT', 'status': 'FILLED', 'clientOrderId': 'mock_4083715936', 'price': '0', 'avgPrice': '67670.4', 'origQty': '0.01', 'executedQty': '0.01', 'cumQty': '0.01', 'cumQuote': '676.704', 'timeInForce': 'GTC', 'type': 'MARKET', 'reduceOnly': False, 'closePosition': False, 'side': 'BUY', 'positionSide': 'BOTH', 'stopPrice': '0', 'workingType': 'CONTRACT_PRICE', 'priceProtect': False, 'origType': 'MARKET', 'updateTime': 1780909089152}
2026-06-08 14:28:41 | INFO     | trading_bot.client | [MOCK MODE] MockBinanceFuturesClient initialised — no real API calls will be made
2026-06-08 14:28:41 | INFO     | trading_bot.orders | Placing SELL LIMIT order | symbol=ETHUSDT qty=0.1 price=3200.0 stop=None
2026-06-08 14:28:41 | INFO     | trading_bot.client | [MOCK] POST /fapi/v1/order | params={'symbol': 'ETHUSDT', 'side': 'SELL', 'type': 'LIMIT', 'quantity': '0.1', 'price': '3200.0', 'timeInForce': 'GTC'}
2026-06-08 14:28:41 | INFO     | trading_bot.client | [MOCK] Order accepted | orderId=4872160590 status=NEW
2026-06-08 14:28:41 | INFO     | trading_bot.orders | Order placed successfully | {'orderId': 4872160590, 'symbol': 'ETHUSDT', 'status': 'NEW', 'clientOrderId': 'mock_4872160590', 'price': '3200.0', 'avgPrice': '0', 'origQty': '0.1', 'executedQty': '0', 'cumQty': '0', 'cumQuote': '0', 'timeInForce': 'GTC', 'type': 'LIMIT', 'reduceOnly': False, 'closePosition': False, 'side': 'SELL', 'positionSide': 'BOTH', 'stopPrice': '0', 'workingType': 'CONTRACT_PRICE', 'priceProtect': False, 'origType': 'LIMIT', 'updateTime': 1780909121717}
2026-06-08 14:28:59 | INFO     | trading_bot.client | [MOCK MODE] MockBinanceFuturesClient initialised — no real API calls will be made
2026-06-08 14:28:59 | INFO     | trading_bot.orders | Placing BUY STOP_MARKET order | symbol=BTCUSDT qty=0.01 price=95000.0 stop=95000.0
2026-06-08 14:28:59 | INFO     | trading_bot.client | [MOCK] POST /fapi/v1/order | params={'symbol': 'BTCUSDT', 'side': 'BUY', 'type': 'STOP_MARKET', 'quantity': '0.01', 'price': '95000.0', 'timeInForce': 'GTC', 'stopPrice': '95000.0'}
2026-06-08 14:28:59 | INFO     | trading_bot.client | [MOCK] Order accepted | orderId=4152688383 status=NEW
2026-06-08 14:28:59 | INFO     | trading_bot.orders | Order placed successfully | {'orderId': 4152688383, 'symbol': 'BTCUSDT', 'status': 'NEW', 'clientOrderId': 'mock_4152688383', 'price': '0', 'avgPrice': '0', 'origQty': '0.01', 'executedQty': '0', 'cumQty': '0', 'cumQuote': '0', 'timeInForce': 'GTC', 'type': 'STOP_MARKET', 'reduceOnly': False, 'closePosition': False, 'side': 'BUY', 'positionSide': 'BOTH', 'stopPrice': '95000.0', 'workingType': 'CONTRACT_PRICE', 'priceProtect': False, 'origType': 'STOP_MARKET', 'updateTime': 1780909139414}
2026-06-08 14:58:13 | INFO     | trading_bot.client | [MOCK MODE] MockBinanceFuturesClient initialised — no real API calls will be made
2026-06-08 14:58:13 | INFO     | trading_bot.orders | Placing BUY MARKET order | symbol=BTCUSDT qty=0.01 price=None stop=None
2026-06-08 14:58:13 | INFO     | trading_bot.client | [MOCK] POST /fapi/v1/order | params={'symbol': 'BTCUSDT', 'side': 'BUY', 'type': 'MARKET', 'quantity': '0.01'}
2026-06-08 14:58:13 | INFO     | trading_bot.client | [MOCK] Order accepted | orderId=4157280504 status=FILLED
2026-06-08 14:58:13 | INFO     | trading_bot.orders | Order placed successfully | {'orderId': 4157280504, 'symbol': 'BTCUSDT', 'status': 'FILLED', 'clientOrderId': 'mock_4157280504', 'price': '0', 'avgPrice': '67828.04', 'origQty': '0.01', 'executedQty': '0.01', 'cumQty': '0.01', 'cumQuote': '678.2804', 'timeInForce': 'GTC', 'type': 'MARKET', 'reduceOnly': False, 'closePosition': False, 'side': 'BUY', 'positionSide': 'BOTH', 'stopPrice': '0', 'workingType': 'CONTRACT_PRICE', 'priceProtect': False, 'origType': 'MARKET', 'updateTime': 1780910893851}
2026-06-08 14:58:28 | INFO     | trading_bot.client | [MOCK MODE] MockBinanceFuturesClient initialised — no real API calls will be made
2026-06-08 14:58:28 | INFO     | trading_bot.orders | Placing SELL LIMIT order | symbol=ETHUSDT qty=0.1 price=3200.0 stop=None
2026-06-08 14:58:28 | INFO     | trading_bot.client | [MOCK] POST /fapi/v1/order | params={'symbol': 'ETHUSDT', 'side': 'SELL', 'type': 'LIMIT', 'quantity': '0.1', 'price': '3200.0', 'timeInForce': 'GTC'}
2026-06-08 14:58:28 | INFO     | trading_bot.client | [MOCK] Order accepted | orderId=4170557505 status=NEW
2026-06-08 14:58:28 | INFO     | trading_bot.orders | Order placed successfully | {'orderId': 4170557505, 'symbol': 'ETHUSDT', 'status': 'NEW', 'clientOrderId': 'mock_4170557505', 'price': '3200.0', 'avgPrice': '0', 'origQty': '0.1', 'executedQty': '0', 'cumQty': '0', 'cumQuote': '0', 'timeInForce': 'GTC', 'type': 'LIMIT', 'reduceOnly': False, 'closePosition': False, 'side': 'SELL', 'positionSide': 'BOTH', 'stopPrice': '0', 'workingType': 'CONTRACT_PRICE', 'priceProtect': False, 'origType': 'LIMIT', 'updateTime': 1780910908312}
2026-06-08 14:59:21 | INFO     | trading_bot.client | [MOCK MODE] MockBinanceFuturesClient initialised — no real API calls will be made
2026-06-08 14:59:21 | INFO     | trading_bot.orders | Placing BUY STOP_MARKET order | symbol=BTCUSDT qty=0.01 price=95000.0 stop=95000.0
2026-06-08 14:59:21 | INFO     | trading_bot.client | [MOCK] POST /fapi/v1/order | params={'symbol': 'BTCUSDT', 'side': 'BUY', 'type': 'STOP_MARKET', 'quantity': '0.01', 'price': '95000.0', 'timeInForce': 'GTC', 'stopPrice': '95000.0'}
2026-06-08 14:59:21 | INFO     | trading_bot.client | [MOCK] Order accepted | orderId=4164599057 status=NEW
2026-06-08 14:59:21 | INFO     | trading_bot.orders | Order placed successfully | {'orderId': 4164599057, 'symbol': 'BTCUSDT', 'status': 'NEW', 'clientOrderId': 'mock_4164599057', 'price': '0', 'avgPrice': '0', 'origQty': '0.01', 'executedQty': '0', 'cumQty': '0', 'cumQuote': '0', 'timeInForce': 'GTC', 'type': 'STOP_MARKET', 'reduceOnly': False, 'closePosition': False, 'side': 'BUY', 'positionSide': 'BOTH', 'stopPrice': '95000.0', 'workingType': 'CONTRACT_PRICE', 'priceProtect': False, 'origType': 'STOP_MARKET', 'updateTime': 1780910961661}
